U-Boot 1.1.4 (Feb 19 2018 - 17:27:22)

ap143 - Honey Bee 2.0

DRAM:  32 MB
Flash Manuf Id 0xef, DeviceId0 0x40, DeviceId1 0x18
flash size 16MB, sector count = 256
Flash: 16 MB
Using default environment

In:    serial
Out:   serial
Err:   serial
Net:   athrs27_phy_setup ATHR_PHY_CONTROL 4 :0x1000
athrs27_phy_setup ATHR_PHY_SPEC_STAUS 4 :0x10
ATHRS27: resetting s27
ATHRS27: s27 reset done
athrs27_phy_setup ATHR_PHY_CONTROL 0 :0x1000
athrs27_phy_setup ATHR_PHY_SPEC_STAUS 0 :0x10
athrs27_phy_setup ATHR_PHY_CONTROL 1 :0x1000
athrs27_phy_setup ATHR_PHY_SPEC_STAUS 1 :0x10
athrs27_phy_setup ATHR_PHY_CONTROL 2 :0x1000
athrs27_phy_setup ATHR_PHY_SPEC_STAUS 2 :0x10
athrs27_phy_setup ATHR_PHY_CONTROL 3 :0x1000
athrs27_phy_setup ATHR_PHY_SPEC_STAUS 3 :0x10
eth0, eth1
Setting 0x181162c0 to 0x1021a100
Autobooting in 1 seconds
## Booting image at 9f020000 ...
   Uncompressing Kernel Image ... OK

Starting kernel ...


[    0.000000] Linux version 4.9.77 (sputkin@debian) (gcc version 5.5.0 (OpenWrt GCC 5.5.0 unknown) ) #0 Thu Feb 15 09:46:39 2018
[    0.000000] bootconsole [early0] enabled
[    0.000000] CPU0 revision is: 00019374 (MIPS 24Kc)
[    0.000000] SoC: Qualcomm Atheros QCA9533 ver 2 rev 0
[    0.000000] Determined physical RAM map:
[    0.000000]  memory: 02000000 @ 00000000 (usable)
[    0.000000] Initrd not found or empty - disabling initrd
[    0.000000] Primary instruction cache 64kB, VIPT, 4-way, linesize 32 bytes.
[    0.000000] Primary data cache 32kB, 4-way, VIPT, cache aliases, linesize 32 bytes
[    0.000000] Zone ranges:
[    0.000000]   Normal   [mem 0x0000000000000000-0x0000000001ffffff]
[    0.000000] Movable zone start for each node
[    0.000000] Early memory node ranges
[    0.000000]   node   0: [mem 0x0000000000000000-0x0000000001ffffff]
[    0.000000] Initmem setup node 0 [mem 0x0000000000000000-0x0000000001ffffff]
[    0.000000] Built 1 zonelists in Zone order, mobility grouping on.  Total pages: 8128
[    0.000000] Kernel command line:  board=TL-WA855RE-v1 mtdparts=spi0.0:128k(u-boot)ro,1600k(kernel),14336k(rootfs),256k(config),64k(art),15936k@0x20000(firmware) console=ttyS0,115200 rootfstype=squashfs noinitrd
[    0.000000] PID hash table entries: 128 (order: -3, 512 bytes)
[    0.000000] Dentry cache hash table entries: 4096 (order: 2, 16384 bytes)
[    0.000000] Inode-cache hash table entries: 2048 (order: 1, 8192 bytes)
[    0.000000] Writing ErrCtl register=00000000
[    0.000000] Readback ErrCtl register=00000000
[    0.000000] Memory: 27856K/32768K available (3162K kernel code, 150K rwdata, 404K rodata, 244K init, 212K bss, 4912K reserved, 0K cma-reserved)
[    0.000000] SLUB: HWalign=32, Order=0-3, MinObjects=0, CPUs=1, Nodes=1
[    0.000000] NR_IRQS:51
[    0.000000] Clocks: CPU:550.000MHz, DDR:392.553MHz, AHB:196.276MHz, Ref:25.000MHz
[    0.000000] clocksource: MIPS: mask: 0xffffffff max_cycles: 0xffffffff, max_idle_ns: 6950037990 ns
[    0.000010] sched_clock: 32 bits at 275MHz, resolution 3ns, wraps every 7809031678ns
[    0.008271] Calibrating delay loop... 366.18 BogoMIPS (lpj=1830912)
[    0.071077] pid_max: default: 32768 minimum: 301
[    0.076087] Mount-cache hash table entries: 1024 (order: 0, 4096 bytes)
[    0.083070] Mountpoint-cache hash table entries: 1024 (order: 0, 4096 bytes)
[    0.093951] clocksource: jiffies: mask: 0xffffffff max_cycles: 0xffffffff, max_idle_ns: 19112604462750000 ns
[    0.104382] futex hash table entries: 256 (order: -1, 3072 bytes)
[    0.111588] NET: Registered protocol family 16
[    0.118215] MIPS: machine is TP-LINK TL-WA855RE v1
[    0.359026] Can't analyze schedule() prologue at 80372f4c
[    0.377438] clocksource: Switched to clocksource MIPS
[    0.384099] NET: Registered protocol family 2
[    0.389823] TCP established hash table entries: 1024 (order: 0, 4096 bytes)
[    0.397197] TCP bind hash table entries: 1024 (order: 0, 4096 bytes)
[    0.403987] TCP: Hash tables configured (established 1024 bind 1024)
[    0.410837] UDP hash table entries: 256 (order: 0, 4096 bytes)
[    0.417020] UDP-Lite hash table entries: 256 (order: 0, 4096 bytes)
[    0.424037] NET: Registered protocol family 1
[    0.433743] Crashlog allocated RAM at address 0x1f00000
[    0.440574] workingset: timestamp_bits=30 max_order=13 bucket_order=0
[    0.455594] squashfs: version 4.0 (2009/01/31) Phillip Lougher
[    0.461803] jffs2: version 2.2 (NAND) (SUMMARY) (LZMA) (RTIME) (CMODE_PRIORITY) (c) 2001-2006 Red Hat, Inc.
[    0.482491] io scheduler noop registered
[    0.486629] io scheduler deadline registered (default)
[    0.492516] Serial: 8250/16550 driver, 1 ports, IRQ sharing disabled
[    0.499783] console [ttyS0] disabled
[    0.523747] serial8250.0: ttyS0 at MMIO 0x18020000 (irq = 11, base_baud = 1562500) is a 16550A
[    0.532866] console [ttyS0] enabled
[    0.532866] console [ttyS0] enabled
[    0.540424] bootconsole [early0] disabled
[    0.540424] bootconsole [early0] disabled
[    0.553260] m25p80 spi0.0: found w25q128, expected m25p80
[    0.570500] m25p80 spi0.0: w25q128 (16384 Kbytes)
[    0.575417] 6 cmdlinepart partitions found on MTD device spi0.0
[    0.581567] Creating 6 MTD partitions on "spi0.0":
[    0.586532] 0x000000000000-0x000000020000 : "u-boot"
[    0.593616] 0x000000020000-0x0000001b0000 : "kernel"
[    0.600928] 0x0000001b0000-0x000000fb0000 : "rootfs"
[    0.608130] mtd: device 2 (rootfs) set to be root filesystem
[    0.614052] 1 squashfs-split partitions found on MTD device rootfs
[    0.620511] 0x000000380000-0x000000fb0000 : "rootfs_data"
[    0.628209] 0x000000fb0000-0x000000ff0000 : "config"
[    0.635358] 0x000000ff0000-0x000001000000 : "art"
[    0.642381] 0x000000020000-0x000000fb0000 : "firmware"
[    0.651019] libphy: Fixed MDIO Bus: probed
[    0.681329] libphy: ag71xx_mdio: probed
[    1.310416] ag71xx ag71xx.0: connected to PHY at ag71xx-mdio.1:04 [uid=004dd042, driver=Generic PHY]
[    1.320802] eth0: Atheros AG71xx at 0xb9000000, irq 4, mode:MII
[    1.328830] NET: Registered protocol family 10
[    1.337200] NET: Registered protocol family 17
[    1.342092] 8021q: 802.1Q VLAN Support v1.8
[    1.354997] VFS: Mounted root (squashfs filesystem) readonly on device 31:2.
[    1.364445] Freeing unused kernel memory: 244K
[    1.369086] This architecture does not have kernel memory protection.
[    2.166982] init: Console is alive
[    2.170919] init: - watchdog -
[    2.497452] random: fast init done
[    3.173747] kmodloader: loading kernel modules from /etc/modules-boot.d/*
[    3.231756] kmodloader: done loading kernel modules from /etc/modules-boot.d/*
[    3.250214] init: - preinit -
[    3.995033] IPv6: ADDRCONF(NETDEV_UP): eth0: link is not ready
Press the [f] key and hit [enter] to enter failsafe mode
Press the [1], [2], [3] or [4] key and hit [enter] to select the debug level
[    6.091052] eth0: link up (100Mbps/Full duplex)
[    6.095792] IPv6: ADDRCONF(NETDEV_CHANGE): eth0: link becomes ready
[    7.393121] jffs2: notice: (362) jffs2_build_xattr_subsystem: complete building xattr subsystem, 0 of xdatum (0 unchecked, 0 orphan) and 0 of xref (0 dead, 0 orphan) found.
[    7.410954] mount_root: switching to jffs2 overlay
[    7.450405] urandom-seed: Seeding with /etc/urandom.seed
[    7.643995] eth0: link down
[    7.663293] procd: - early -
[    7.666406] procd: - watchdog -
[    8.293891] procd: - watchdog -
[    8.297588] procd: - ubus -
[    8.354333] procd: - init -
Please press Enter to activate this console.
[    8.821389] kmodloader: loading kernel modules from /etc/modules.d/*
[    8.833604] ip6_tables: (C) 2000-2006 Netfilter Core Team
[    8.852950] Loading modules backported from Linux version wt-2017-11-01-0-gfe248fc2c180
[    8.861326] Backport generated by backports.git v4.14-rc2-1-31-g86cf0e5d
[    8.871956] ip_tables: (C) 2000-2006 Netfilter Core Team
[    8.887293] nf_conntrack version 0.5.0 (1024 buckets, 4096 max)
[    8.961316] xt_time: kernel timezone is -0000
[    9.038281] PPP generic driver version 2.4.2
[    9.045796] NET: Registered protocol family 24
[    9.120152] ieee80211 phy0: Atheros AR9531 Rev:2 mem=0xb8100000, irq=47
[    9.231580] kmodloader: done loading kernel modules from /etc/modules.d/*
[   16.982733] br-lan: port 1(eth0) entered blocking state
[   16.988243] br-lan: port 1(eth0) entered disabled state
[   16.994165] device eth0 entered promiscuous mode
[   17.019376] IPv6: ADDRCONF(NETDEV_UP): br-lan: link is not ready
[   18.894161] ath: EEPROM regdomain: 0x817c
[   18.898405] ath: EEPROM indicates we should expect a country code
[   18.904693] ath: doing EEPROM country->regdmn map search
[   18.910203] ath: country maps to regdmn code: 0x37
[   18.915150] ath: Country alpha2 being used: IT
[   18.919750] ath: Regpair used: 0x37
[   18.923349] ath: regdomain 0x817c dynamically updated by user
[   19.051175] eth0: link up (100Mbps/Full duplex)
[   19.055935] br-lan: port 1(eth0) entered blocking state
[   19.061403] br-lan: port 1(eth0) entered forwarding state
[   19.074106] IPv6: ADDRCONF(NETDEV_CHANGE): br-lan: link becomes ready
[   21.496022] IPv6: ADDRCONF(NETDEV_UP): wlan0-1: link is not ready
[   21.531831] br-lan: port 2(wlan0-1) entered blocking state
[   21.537626] br-lan: port 2(wlan0-1) entered disabled state
[   21.543824] device wlan0-1 entered promiscuous mode
[   23.727807] IPv6: ADDRCONF(NETDEV_UP): wlan0: link is not ready
[   25.485831] wlan0: authenticate with dc:48:6b:5b:c9:03
[   25.504516] wlan0: send auth to dc:48:6b:5b:c9:03 (try 1/3)
[   25.527647] wlan0: authenticated
[   25.557553] wlan0: associate with dc:48:6b:5b:c9:03 (try 1/3)
[   25.567796] wlan0: RX AssocResp from dc:48:6b:5b:c9:03 (capab=0x431 status=0 aid=2)
[   25.576042] wlan0: associated
[   25.604182] IPv6: ADDRCONF(NETDEV_CHANGE): wlan0: link becomes ready
[   26.876743] IPv6: ADDRCONF(NETDEV_CHANGE): wlan0-1: link becomes ready
[   26.883829] br-lan: port 2(wlan0-1) entered blocking state
[   26.889556] br-lan: port 2(wlan0-1) entered forwarding state



BusyBox v1.27.2 () built-in shell (ash)

  _______                     ________        __
 |       |.-----.-----.-----.|  |  |  |.----.|  |_
 |   -   ||  _  |  -__|     ||  |  |  ||   _||   _|
 |_______||   __|_____|__|__||________||__|  |____|
          |__| W I R E L E S S   F R E E D O O M
 -----------------------------------------------------
 OpenWrt SNAPSHOT, unknown
 -----------------------------------------------------
root@LEDE:/#




